PS C:\Users\eshan.prasad.baikan\Flask-practice> mkdir KrishNaik_Playlist
New-Item: An item with the specified name C:\Users\eshan.prasad.baikan\Flask-practice\KrishNaik_playlist already exists.

PS C:\Users\eshan.prasad.baikan\Flask-practice> mv main.py KrishNaik_Playlist/          
PS C:\Users\eshan.prasad.baikan\Flask-practice> mv templates  KrishNaik_Playlist/
PS C:\Users\eshan.prasad.baikan\Flask-practice> mv static  KrishNaik_Playlist/   
PS C:\Users\eshan.prasad.baikan\Flask-practice> git status
On branch main
Your branch is up to date with 'origin/main'.

Changes not staged for commit:
  (use "git add/rm <file>..." to update what will be committed)
  (use "git restore <file>..." to discard changes in working directory)
        deleted:    main.py
        deleted:    static/eshancss/eshanstyle.css
        deleted:    static/eshanjs/eshanscript.js
        deleted:    templates/index.html
        deleted:    templates/results.html

Untracked files:
  (use "git add <file>..." to include in what will be committed)
        KrishNaik_playlist/

no changes added to commit (use "git add" and/or "git commit -a")
PS C:\Users\eshan.prasad.baikan\Flask-practice> git add KrishNaik_Playlist
PS C:\Users\eshan.prasad.baikan\Flask-practice> git status
On branch main
Your branch is up to date with 'origin/main'.

Changes not staged for commit:
  (use "git add/rm <file>..." to update what will be committed)
  (use "git restore <file>..." to discard changes in working directory)
        deleted:    main.py
        deleted:    static/eshancss/eshanstyle.css
        deleted:    static/eshanjs/eshanscript.js
        deleted:    templates/index.html
        deleted:    templates/results.html

Untracked files:
  (use "git add <file>..." to include in what will be committed)
        KrishNaik_playlist/

no changes added to commit (use "git add" and/or "git commit -a")
PS C:\Users\eshan.prasad.baikan\Flask-practice> git add .
PS C:\Users\eshan.prasad.baikan\Flask-practice> git status
On branch main
Your branch is up to date with 'origin/main'.

Changes to be committed:
  (use "git restore --staged <file>..." to unstage)
        renamed:    main.py -> KrishNaik_playlist/main.py
        renamed:    static/eshancss/eshanstyle.css -> KrishNaik_playlist/static/eshancss/eshanstyle.css
        renamed:    static/eshanjs/eshanscript.js -> KrishNaik_playlist/static/eshanjs/eshanscript.js
        renamed:    templates/index.html -> KrishNaik_playlist/templates/index.html
        renamed:    templates/results.html -> KrishNaik_playlist/templates/results.html

PS C:\Users\eshan.prasad.baikan\Flask-practice> git commit -m "all the files are moved to KrishNaik_playlist folder"                
[main c65a4b5] all the files are moved to KrishNaik_playlist folder
 5 files changed, 0 insertions(+), 0 deletions(-)
 rename main.py => KrishNaik_playlist/main.py (100%)
 rename {static => KrishNaik_playlist/static}/eshancss/eshanstyle.css (100%)
 rename {static => KrishNaik_playlist/static}/eshanjs/eshanscript.js (100%)
 rename {templates => KrishNaik_playlist/templates}/index.html (100%)
 rename {templates => KrishNaik_playlist/templates}/results.html (100%)
PS C:\Users\eshan.prasad.baikan\Flask-practice>       