PS C:\Users\eshan.prasad.baikan\Flask-practice> Remove-Item -Recurse -Force .\KrishNaik_playlist\
PS C:\Users\eshan.prasad.baikan\Flask-practice> git add -u
>>
PS C:\Users\eshan.prasad.baikan\Flask-practice> git status
On branch course2
Changes to be committed:
  (use "git restore --staged <file>..." to unstage)
        modified:   How to move all existing files to separate folder.txt
        deleted:    KrishNaik_playlist/main.py
        deleted:    KrishNaik_playlist/static/eshancss/eshanstyle.css
        deleted:    KrishNaik_playlist/static/eshanjs/eshanscript.js
        deleted:    KrishNaik_playlist/templates/index.html
        deleted:    KrishNaik_playlist/templates/results.html

PS C:\Users\eshan.prasad.baikan\Flask-practice> Remove-Item How to move all existing files to separate folder.txt
Remove-Item: A positional parameter cannot be found that accepts argument 'to'.
PS C:\Users\eshan.prasad.baikan\Flask-practice> Remove-Item "How to move all existing files to separate folder.txt"
PS C:\Users\eshan.prasad.baikan\Flask-practice> git add -u
PS C:\Users\eshan.prasad.baikan\Flask-practice> git status
On branch course2
Changes to be committed:
  (use "git restore --staged <file>..." to unstage)
        deleted:    How to move all existing files to separate folder.txt
        deleted:    KrishNaik_playlist/main.py
        deleted:    KrishNaik_playlist/static/eshancss/eshanstyle.css
        deleted:    KrishNaik_playlist/static/eshanjs/eshanscript.js
        deleted:    KrishNaik_playlist/templates/index.html
        deleted:    KrishNaik_playlist/templates/results.html

PS C:\Users\eshan.prasad.baikan\Flask-practice> git commit -m "Removed previous files and folders from the new branch"        
>> 
[course2 ba9b188] Removed previous files and folders from the new branch
 6 files changed, 230 deletions(-)
 delete mode 100644 How to move all existing files to separate folder.txt
 delete mode 100644 KrishNaik_playlist/main.py
 delete mode 100644 KrishNaik_playlist/static/eshancss/eshanstyle.css
 delete mode 100644 KrishNaik_playlist/static/eshanjs/eshanscript.js
 delete mode 100644 KrishNaik_playlist/templates/index.html
 delete mode 100644 KrishNaik_playlist/templates/results.html
PS C:\Users\eshan.prasad.baikan\Flask-practice> git push origin course2
Enumerating objects: 3, done.
Counting objects: 100% (3/3), done.
Delta compression using up to 12 threads
Compressing objects: 100% (1/1), done.
Writing objects: 100% (2/2), 230 bytes | 115.00 KiB/s, done.
Total 2 (delta 0), reused 0 (delta 0), pack-reused 0 (from 0)
remote: 
remote: Create a pull request for 'course2' on GitHub by visiting:
remote:      https://github.com/Eshanprasad/Flask/pull/new/course2
remote:
To github.com:Eshanprasad/Flask.git
 * [new branch]      course2 -> course2




Explanation:
This command deletes the folder
PS C:\Users\eshan.prasad.baikan\Flask-practice> Remove-Item -Recurse -Force .\KrishNaik_playlist\

This command saves the status of deleted file to git
PS C:\Users\eshan.prasad.baikan\Flask-practice> git add -u

This command remove a file
PS C:\Users\eshan.prasad.baikan\Flask-practice> Remove-Item "How to move all existing files to separate folder.txt"

This command pushes new branch to github
PS C:\Users\eshan.prasad.baikan\Flask-practice> git push origin course2


To remove a file from git, we can use the following command
git rm --cached <filename>
After this we need to commit
